JobId       Name                                                                                                                                                                                                                                                            date_added             
----------- --------------------------------------------------------------------------------------------------------------------------------------------------------------------------------------------------------------------------------------------------------------- -----------------------
          1 Fire fighter                                                                                                                                                                                                                                                    2020-10-01 00:00:00.000

(1 rows affected)
