PersonId,LastName,FirstName,Address1,City,Country,EmailAddr,PhoneNumber,Gender
2,Doe,Jane,234 Temple,Detroit,United States,jd@email.com,345-324-6456,female
