JobId       name                                                                                                                                                                                                                                                            salary      date_added             
----------- --------------------------------------------------------------------------------------------------------------------------------------------------------------------------------------------------------------------------------------------------------------- ----------- -----------------------
          1 Fire fighter                                                                                                                                                                                                                                                             80 2020-10-01 00:00:00.000
          2 Police officer                                                                                                                                                                                                                                                           75 2020-08-01 00:00:00.000

(2 rows affected)
